2026-06-04 22:54:48,562 - LOGIN FALLIDO - 1234567890123456
2026-06-04 22:54:53,961 - LOGIN FALLIDO - 1254
2026-06-04 22:54:59,826 - LOGIN FALLIDO - 1478
2026-06-04 22:54:59,826 - CUENTA BLOQUEADA - 1234567890123456
2026-06-04 22:58:35,287 - LOGIN EXITOSO - 1234567890123456
2026-06-05 01:50:49,468 - LOGIN EXITOSO - 1234567890123456
2026-06-05 01:53:09,441 - LOGIN EXITOSO - 1234567890123456
2026-06-05 01:53:23,268 - RETIRO - 1234567890123456 - S/600.0
2026-06-05 01:53:45,529 - RETIRO - 1234567890123456 - S/300.0
2026-06-05 02:14:47,873 - LOGIN FALLIDO - 12345467890123456
2026-06-05 02:15:21,582 - LOGIN FALLIDO - 600
2026-06-05 02:15:32,845 - LOGIN FALLIDO - 1234
2026-06-05 02:15:32,845 - CUENTA BLOQUEADA - 1234567890123456
2026-06-05 02:15:50,939 - LOGIN EXITOSO - 1234567890123456
2026-06-05 02:16:00,226 - ALERTA ACTIVIDAD SOSPECHOSA - 1234567890123456 - S/600.0
2026-06-05 02:16:00,226 - RETIRO - 1234567890123456 - S/600.0
2026-06-05 02:30:25,664 - LOGIN EXITOSO - 4532015112830366
2026-06-08 13:56:52,380 - TARJETA INVALIDA - 1234567890123456
2026-06-08 13:57:19,189 - LOGIN EXITOSO - 4532015112830366
2026-06-08 13:58:55,754 - DEPOSITO - 4532015112830366 - S/2000.0
2026-06-08 13:59:12,213 - ALERTA ACTIVIDAD SOSPECHOSA - 4532015112830366 - S/1500.0
2026-06-08 14:00:18,046 - RETIRO - 4532015112830366 - S/499.0
2026-06-08 14:00:32,309 - DEPOSITO - 4532015112830366 - S/27.0
2026-06-08 14:01:13,784 - RETIRO - 4532015112830366 - S/250.0
2026-06-08 14:01:18,645 - RETIRO - 4532015112830366 - S/250.0
2026-06-08 14:03:08,185 - TARJETA INVALIDA - 4532015112830365
2026-06-08 14:03:13,087 - TARJETA INVALIDA - 4532015112830363
2026-06-08 14:03:15,982 - TARJETA INVALIDA - 4532015112830362
2026-06-08 14:03:21,588 - TARJETA INVALIDA - 4532015112830322
2026-06-08 14:03:31,315 - LOGIN FALLIDO - 4532015112830366
2026-06-08 14:03:37,336 - TARJETA INVALIDA - 1232
2026-06-08 14:03:44,639 - LOGIN FALLIDO - 4532015112830366
2026-06-08 14:03:49,112 - LOGIN FALLIDO - 4532015112830366
2026-06-08 14:03:49,112 - CUENTA BLOQUEADA - 4532015112830366
2026-06-08 14:04:39,094 - LOGIN EXITOSO - 4532015112830366
2026-06-08 14:04:54,909 - RETIRO - 4532015112830366 - S/250.0
2026-06-08 14:05:00,826 - RETIRO - 4532015112830366 - S/250.0
2026-06-08 14:05:06,572 - RETIRO - 4532015112830366 - S/250.0
2026-06-08 14:05:10,983 - RETIRO - 4532015112830366 - S/250.0
2026-06-08 14:05:54,479 - LOGIN EXITOSO - 4532015112830366
2026-06-08 14:06:24,383 - RETIRO - 4532015112830366 - S/250.0
2026-06-08 14:06:45,443 - DEPOSITO - 4532015112830366 - S/250.0
2026-06-08 14:06:58,505 - ALERTA ACTIVIDAD SOSPECHOSA - 4532015112830366 - S/1000.0
2026-06-08 14:17:26,463 - LOGIN EXITOSO - 4532015112830366
2026-06-08 14:18:40,673 - ALERTA ACTIVIDAD SOSPECHOSA - 4532015112830366 - S/1000.0
2026-06-08 14:18:40,673 - RETIRO - 4532015112830366 - S/1000.0
2026-06-08 14:19:11,510 - DEPOSITO - 4532015112830366 - S/3000.0
2026-06-08 14:19:20,970 - ALERTA ACTIVIDAD SOSPECHOSA - 4532015112830366 - S/1500.0
2026-06-08 14:20:13,600 - ALERTA ACTIVIDAD SOSPECHOSA - 4532015112830366 - S/500.0
2026-06-08 14:20:39,701 - LOGIN EXITOSO - 4532015112830366
2026-06-08 14:20:49,253 - DEPOSITO - 4532015112830366 - S/1000.0
2026-06-08 14:21:15,980 - ALERTA ACTIVIDAD SOSPECHOSA - 4532015112830366 - S/500.0
2026-06-08 14:21:15,980 - RETIRO - 4532015112830366 - S/500.0
2026-06-08 14:21:20,576 - ALERTA ACTIVIDAD SOSPECHOSA - 4532015112830366 - S/500.0
2026-06-08 14:21:20,576 - RETIRO - 4532015112830366 - S/500.0
2026-06-08 14:21:24,970 - ALERTA ACTIVIDAD SOSPECHOSA - 4532015112830366 - S/500.0
2026-06-08 14:22:12,413 - ALERTA ACTIVIDAD SOSPECHOSA - 4532015112830366 - S/500.0
2026-06-08 14:24:17,297 - LOGIN EXITOSO - 4532015112830366
2026-06-08 14:26:30,314 - LOGIN EXITOSO - 4532015112830366
2026-06-08 14:26:46,313 - DEPOSITO - 4532015112830366 - S/100.0
2026-06-08 14:27:19,838 - LOGIN FALLIDO - 4532015112830366
2026-06-08 14:27:26,506 - TARJETA INVALIDA - 4532015112830366144
2026-06-08 14:27:33,508 - LOGIN FALLIDO - 4532015112830366
2026-06-08 14:27:38,719 - LOGIN FALLIDO - 4532015112830366
2026-06-08 14:27:38,720 - CUENTA BLOQUEADA - 4532015112830366
2026-06-08 14:33:42,096 - LOGIN EXITOSO - 4532015112830366
2026-06-08 14:35:13,655 - LOGIN EXITOSO - 4532015112830366
2026-06-08 14:35:25,169 - DEPOSITO - 4532015112830366 - S/1000.0
2026-06-08 14:35:56,608 - ALERTA ACTIVIDAD SOSPECHOSA - 4532015112830366 - S/2500.0
2026-06-08 14:38:16,716 - LOGIN EXITOSO - 4532015112830366
2026-06-08 14:38:49,865 - LOGIN EXITOSO - 4532015112830366
2026-06-08 14:39:00,813 - DEPOSITO - 4532015112830366 - S/100.0
2026-06-08 14:41:17,507 - LOGIN EXITOSO - 4532015112830366
2026-06-08 14:42:20,620 - LOGIN EXITOSO - 4532015112830366
2026-06-08 14:44:38,403 - LOGIN EXITOSO - 4532015112830366
2026-06-08 14:45:13,014 - DEPOSITO - 4532015112830366 - S/0.0
2026-06-08 14:45:20,989 - ALERTA ACTIVIDAD SOSPECHOSA - 4532015112830366 - S/1000.0
2026-06-08 14:45:20,989 - RETIRO - 4532015112830366 - S/1000.0
2026-06-08 14:46:23,717 - LOGIN EXITOSO - 4532015112830366
2026-06-08 14:46:29,827 - RETIRO - 4532015112830366 - S/1.0
2026-06-08 14:46:46,780 - ALERTA ACTIVIDAD SOSPECHOSA - 4532015112830366 - S/999.0
2026-06-08 14:46:46,781 - RETIRO - 4532015112830366 - S/999.0
2026-06-08 14:47:14,908 - DEPOSITO - 4532015112830366 - S/3000.0
2026-06-08 14:47:32,732 - LOGIN EXITOSO - 4532015112830366
2026-06-08 14:47:57,128 - ALERTA ACTIVIDAD SOSPECHOSA - 4532015112830366 - S/1000.0
2026-06-08 14:47:57,128 - RETIRO - 4532015112830366 - S/1000.0
2026-06-08 14:48:26,754 - LOGIN EXITOSO - 4532015112830366
2026-06-08 14:48:52,588 - RETIRO - 4532015112830366 - S/250.0
2026-06-08 14:49:02,895 - RETIRO - 4532015112830366 - S/250.0
2026-06-08 14:49:12,683 - RETIRO - 4532015112830366 - S/250.0
2026-06-08 14:49:17,800 - RETIRO - 4532015112830366 - S/250.0
2026-06-08 14:50:03,972 - LOGIN EXITOSO - 4532015112830366
2026-06-08 14:50:46,348 - ALERTA ACTIVIDAD SOSPECHOSA - 4532015112830366 - S/1001.0
2026-06-08 14:50:57,657 - ALERTA ACTIVIDAD SOSPECHOSA - 4532015112830366 - S/1001.0
2026-06-08 14:51:03,734 - RETIRO - 4532015112830366 - S/250.0
2026-06-08 14:51:13,481 - RETIRO - 4532015112830366 - S/200.0
2026-06-08 14:51:23,212 - RETIRO - 4532015112830366 - S/50.0
2026-06-08 14:51:44,180 - RETIRO - 4532015112830366 - S/50.0
2026-06-08 14:51:51,397 - RETIRO - 4532015112830366 - S/50.0
2026-06-08 14:52:00,314 - ALERTA ACTIVIDAD SOSPECHOSA - 4532015112830366 - S/500.0
2026-06-08 14:52:42,101 - LOGIN EXITOSO - 4532015112830366
2026-06-08 14:53:04,410 - ALERTA ACTIVIDAD SOSPECHOSA - 4532015112830366 - S/600.0
2026-06-08 14:53:04,410 - RETIRO - 4532015112830366 - S/600.0
2026-06-08 14:55:44,701 - LOGIN EXITOSO - 4532015112830366
2026-06-08 14:55:54,345 - ALERTA ACTIVIDAD SOSPECHOSA - 4532015112830366 - S/600.0
2026-06-08 14:58:37,965 - LOGIN EXITOSO - 4532015112830366
2026-06-08 14:58:51,591 - ALERTA ACTIVIDAD SOSPECHOSA - 4532015112830366 - S/1500.0
2026-06-08 14:59:55,180 - LOGIN EXITOSO - 4532015112830366
2026-06-08 15:00:10,769 - ALERTA ACTIVIDAD SOSPECHOSA - 4532015112830366 - S/600.0
